{
  "user_name": "kyeongmin.lee",
  "passward": "test"
}