{
  "user_name": "kyeongmin.lee",
  "password": "test"
}